1. Crie um repositório GitHub ou GitLab
-----------------------------------------

2. crie um repositorio loca para seu projeto
----------------------------------------------
$ git init

3. Veja o estado do repositório.
--------------------------------
$ git status

4. Adicionado as mundança na staging area (Área de espera)
-----------------------------------------------------------
$ git add .

5. Aceitando as mudanças no repositorio local
----------------------------------------------
$ git commit -m "Mudança - Primeiro commit"

6. Listando branchs
--------------------
$ git branch

7. Alterando nome da branch para o GitHub
------------------------------------------
$ git branch -m "master" "main"

8. Adicione um repositorio remoto para sincronizar as mudanças
---------------------------------------------------------------
git remote add origin https://github.com/adriano-depaula/JavaLearn.git

9. A primeira coisa a fazer é copiar os commits vermelhos no repositório local; Fazemos isso como o com git-fetch.
------------------------------------------------------------------------------------------------------------------
$ git fetch origin main

9. Agora é o momento em que “integramos as mudanças remotas” com as nossas próprias mudanças.
----------------------------------------------------------------------------------------------
$ git rebase origin/main

10. Envie as mudanças do seu projeto, será solicitado login de acesso do repositório
--------------------------------------------------------------------------------------
git push origin main


Fonte: https://blog.plover.com/prog/git-ff-error.html#:~:text=f%20with%20caution.)-,See%20the%20'Note%20about%20fast%2Dforwards'%20in%20'git,in%20exactly%20the%20same%20order.